// Jest Snapshot v1, https://goo.gl/fbAQLP

exports[`App renders without crashing 1`] = `
"<ApolloProvider client={{...}}>
  <ThemeProvider theme={{...}}>
    <CssBaseline />
    <styled.div>
      <Header title=\\"React Apollo demo\\" />
      <RandomNumber />
    </styled.div>
  </ThemeProvider>
  ,
</ApolloProvider>"
`;
